[90m14:04:39[0m [32mINF[0m [1mcompiling circuit[0m
[90m14:04:39[0m [32mINF[0m [1mparsed circuit inputs[0m [36mnbPublic=[0m32 [36mnbSecret=[0m105
[90m14:04:51[0m [32mINF[0m [1mbuilding constraint builder[0m [36mnbConstraints=[0m1206965
File challenge: db5473133033d7579329ec56c4d22fd19a99b784e1418df452b0fd9a72df2e43
2025-07-03 17:51:40
Contributed to: db5473133033d7579329ec56c4d22fd19a99b784e1418df452b0fd9a72df2e43
File challenge: 9dc92b34e449ae4e2329bce3c4d73875b494dc3cf2a353cfbcc42724a1c345b3
2025-07-03 17:53:00
Phase2 verified, and the previous challenge is db5473133033d7579329ec56c4d22fd19a99b784e1418df452b0fd9a72df2e43
2025-07-03 17:53:45
[90m17:53:45[0m [32mINF[0m [1mcompiling circuit[0m
[90m17:53:45[0m [32mINF[0m [1mparsed circuit inputs[0m [36mnbPublic=[0m32 [36mnbSecret=[0m105
[90m17:53:57[0m [32mINF[0m [1mbuilding constraint builder[0m [36mnbConstraints=[0m1206965
[90m21:41:47[0m [33mWRN[0m [1mexporting solidity verifier only supports `sha256` as `HashToField`. The generated contract may not work for proofs generated with other hash functions.[0m
2025-07-03 21:42:29
[90m21:42:29[0m [32mINF[0m [1mcompiling circuit[0m
[90m21:42:29[0m [32mINF[0m [1mparsed circuit inputs[0m [36mnbPublic=[0m32 [36mnbSecret=[0m210
[90m21:42:52[0m [32mINF[0m [1mbuilding constraint builder[0m [36mnbConstraints=[0m2250403
File challenge: ebe15b8c7eb14abfe5ccf75245d34735dad2a93387bd2613b7123c25d9fbceeb
2025-07-04 01:50:46
Contributed to: ebe15b8c7eb14abfe5ccf75245d34735dad2a93387bd2613b7123c25d9fbceeb
File challenge: 1e4304bb1a58e2d1da2d528e07ec258433453483661c21b16e7f46df07d00b6e
2025-07-04 01:52:12
Phase2 verified, and the previous challenge is ebe15b8c7eb14abfe5ccf75245d34735dad2a93387bd2613b7123c25d9fbceeb
2025-07-04 01:53:00
[90m01:53:00[0m [32mINF[0m [1mcompiling circuit[0m
[90m01:53:00[0m [32mINF[0m [1mparsed circuit inputs[0m [36mnbPublic=[0m32 [36mnbSecret=[0m210
[90m01:53:22[0m [32mINF[0m [1mbuilding constraint builder[0m [36mnbConstraints=[0m2250403
[90m06:01:52[0m [33mWRN[0m [1mexporting solidity verifier only supports `sha256` as `HashToField`. The generated contract may not work for proofs generated with other hash functions.[0m
2025-07-04 06:02:43
